Versão do MSBuild 18.6.3+84d3e95b4 para .NET Framework

  dlssnr_forwarder.vcxproj -> C:\Users\mathe\Desktop\projeto\funcional\OptiScaler-DLSSNR-PreSR-Multipass-main\x64\Release\a\nvngx.dll_dlssnr.dll
  dllmain.cpp
  DlssNr_Menu.cpp
  D3D12_Hooks.cpp
  LibraryLoad_Hooks.cpp
  FSR3_Dx12_FG.cpp
  FSR2_Dx11.cpp
  FSR2_Dx12.cpp
  FSR2_Vk.cpp
  FSR3_Dx12.cpp
  FfxApiExe_Dx12.cpp
  FfxApi_Dx12.cpp
  FfxApi_Vk.cpp
  NVNGX_DLSS_Vk.cpp
  XeSS_Common.cpp
  XeSS_Dx11.cpp
  XeSS_Dx12.cpp
  XeSS_Vulkan.cpp
  menu_common.cpp
  menu_dx_base.cpp
  menu_overlay_base.cpp
  FeatureProvider_Dx11.cpp
  FeatureProvider_Dx12.cpp
  FeatureProvider_Vk.cpp
  XeSSFeature.cpp
  XeSSFeature_Dx11.cpp
  XeSSFeature_Dx11on12.cpp
  XeSSFeature_Dx12.cpp
  XeSSFeature_Vk.cpp
C:\Users\mathe\Desktop\projeto\funcional\OptiScaler-DLSSNR-PreSR-Multipass-main\OptiScaler\upscalers\xess\XeSSFeature_Dx12.h(6,7): warning C4250: 'XeSSFeatureDx12': herda 'IFeature_Dx12::IFeature_Dx12::ReadUpscalerTime' via domínio [C:\Users\mathe\Desktop\projeto\funcional\OptiScaler-DLSSNR-PreSR-Multipass-main\OptiScaler\OptiScaler.vcxproj]
  (compilando o arquivo fonte '/upscalers/xess/XeSSFeature_Dx11on12.cpp')
      C:\Users\mathe\Desktop\projeto\funcional\OptiScaler-DLSSNR-PreSR-Multipass-main\OptiScaler\upscalers\IFeature_Dx12.h(51,27):
      consulte a declaração de 'IFeature_Dx12::ReadUpscalerTime'
  
C:\Users\mathe\Desktop\projeto\funcional\OptiScaler-DLSSNR-PreSR-Multipass-main\OptiScaler\upscalers\xess\XeSSFeature_Dx12.h(6,7): warning C4250: 'XeSSFeatureDx12': herda 'IFeature_Dx12::IFeature_Dx12::ReadDetailedGpuTimes' via domínio [C:\Users\mathe\Desktop\projeto\funcional\OptiScaler-DLSSNR-PreSR-Multipass-main\OptiScaler\OptiScaler.vcxproj]
  (compilando o arquivo fonte '/upscalers/xess/XeSSFeature_Dx11on12.cpp')
      C:\Users\mathe\Desktop\projeto\funcional\OptiScaler-DLSSNR-PreSR-Multipass-main\OptiScaler\upscalers\IFeature_Dx12.h(52,10):
      consulte a declaração de 'IFeature_Dx12::ReadDetailedGpuTimes'
  
  version_check.cpp
C:\Users\mathe\Desktop\projeto\funcional\OptiScaler-DLSSNR-PreSR-Multipass-main\OptiScaler\upscalers\xess\XeSSFeature_Dx12.h(6,7): warning C4250: 'XeSSFeatureDx12': herda 'IFeature_Dx12::IFeature_Dx12::ReadUpscalerTime' via domínio [C:\Users\mathe\Desktop\projeto\funcional\OptiScaler-DLSSNR-PreSR-Multipass-main\OptiScaler\OptiScaler.vcxproj]
  (compilando o arquivo fonte '/upscalers/xess/XeSSFeature_Dx12.cpp')
      C:\Users\mathe\Desktop\projeto\funcional\OptiScaler-DLSSNR-PreSR-Multipass-main\OptiScaler\upscalers\IFeature_Dx12.h(51,27):
      consulte a declaração de 'IFeature_Dx12::ReadUpscalerTime'
  
C:\Users\mathe\Desktop\projeto\funcional\OptiScaler-DLSSNR-PreSR-Multipass-main\OptiScaler\upscalers\xess\XeSSFeature_Dx12.h(6,7): warning C4250: 'XeSSFeatureDx12': herda 'IFeature_Dx12::IFeature_Dx12::ReadDetailedGpuTimes' via domínio [C:\Users\mathe\Desktop\projeto\funcional\OptiScaler-DLSSNR-PreSR-Multipass-main\OptiScaler\OptiScaler.vcxproj]
  (compilando o arquivo fonte '/upscalers/xess/XeSSFeature_Dx12.cpp')
      C:\Users\mathe\Desktop\projeto\funcional\OptiScaler-DLSSNR-PreSR-Multipass-main\OptiScaler\upscalers\IFeature_Dx12.h(52,10):
      consulte a declaração de 'IFeature_Dx12::ReadDetailedGpuTimes'
  
C:\Users\mathe\Desktop\projeto\funcional\OptiScaler-DLSSNR-PreSR-Multipass-main\OptiScaler\upscalers\dlss\DLSSFeature_Dx11.h(6,7): warning C4250: 'DLSSFeatureDx11': herda 'IFeature_Dx11::IFeature_Dx11::ReadUpscalerTime' via domínio [C:\Users\mathe\Desktop\projeto\funcional\OptiScaler-DLSSNR-PreSR-Multipass-main\OptiScaler\OptiScaler.vcxproj]
  (compilando o arquivo fonte '/upscalers/FeatureProvider_Dx11.cpp')
      C:\Users\mathe\Desktop\projeto\funcional\OptiScaler-DLSSNR-PreSR-Multipass-main\OptiScaler\upscalers\IFeature_Dx11.h(47,27):
      consulte a declaração de 'IFeature_Dx11::ReadUpscalerTime'
  
C:\Users\mathe\Desktop\projeto\funcional\OptiScaler-DLSSNR-PreSR-Multipass-main\OptiScaler\upscalers\dlss\DLSSFeature_Dx11.h(6,7): warning C4250: 'DLSSFeatureDx11': herda 'IFeature_Dx11::IFeature_Dx11::ReadDetailedGpuTimes' via domínio [C:\Users\mathe\Desktop\projeto\funcional\OptiScaler-DLSSNR-PreSR-Multipass-main\OptiScaler\OptiScaler.vcxproj]
  (compilando o arquivo fonte '/upscalers/FeatureProvider_Dx11.cpp')
      C:\Users\mathe\Desktop\projeto\funcional\OptiScaler-DLSSNR-PreSR-Multipass-main\OptiScaler\upscalers\IFeature_Dx11.h(48,10):
      consulte a declaração de 'IFeature_Dx11::ReadDetailedGpuTimes'
  
C:\Users\mathe\Desktop\projeto\funcional\OptiScaler-DLSSNR-PreSR-Multipass-main\OptiScaler\upscalers\dlssd\DLSSDFeature_Dx11.h(6,7): warning C4250: 'DLSSDFeatureDx11': herda 'IFeature_Dx11::IFeature_Dx11::ReadUpscalerTime' via domínio [C:\Users\mathe\Desktop\projeto\funcional\OptiScaler-DLSSNR-PreSR-Multipass-main\OptiScaler\OptiScaler.vcxproj]
  (compilando o arquivo fonte '/upscalers/FeatureProvider_Dx11.cpp')
      C:\Users\mathe\Desktop\projeto\funcional\OptiScaler-DLSSNR-PreSR-Multipass-main\OptiScaler\upscalers\IFeature_Dx11.h(47,27):
      consulte a declaração de 'IFeature_Dx11::ReadUpscalerTime'
  
C:\Users\mathe\Desktop\projeto\funcional\OptiScaler-DLSSNR-PreSR-Multipass-main\OptiScaler\upscalers\dlssd\DLSSDFeature_Dx11.h(6,7): warning C4250: 'DLSSDFeatureDx11': herda 'IFeature_Dx11::IFeature_Dx11::ReadDetailedGpuTimes' via domínio [C:\Users\mathe\Desktop\projeto\funcional\OptiScaler-DLSSNR-PreSR-Multipass-main\OptiScaler\OptiScaler.vcxproj]
  (compilando o arquivo fonte '/upscalers/FeatureProvider_Dx11.cpp')
      C:\Users\mathe\Desktop\projeto\funcional\OptiScaler-DLSSNR-PreSR-Multipass-main\OptiScaler\upscalers\IFeature_Dx11.h(48,10):
      consulte a declaração de 'IFeature_Dx11::ReadDetailedGpuTimes'
  
C:\Users\mathe\Desktop\projeto\funcional\OptiScaler-DLSSNR-PreSR-Multipass-main\OptiScaler\upscalers\fsr2\FSR2Feature_Dx11.h(10,7): warning C4250: 'FSR2FeatureDx11': herda 'IFeature_Dx11::IFeature_Dx11::ReadUpscalerTime' via domínio [C:\Users\mathe\Desktop\projeto\funcional\OptiScaler-DLSSNR-PreSR-Multipass-main\OptiScaler\OptiScaler.vcxproj]
  (compilando o arquivo fonte '/upscalers/FeatureProvider_Dx11.cpp')
      C:\Users\mathe\Desktop\projeto\funcional\OptiScaler-DLSSNR-PreSR-Multipass-main\OptiScaler\upscalers\IFeature_Dx11.h(47,27):
      consulte a declaração de 'IFeature_Dx11::ReadUpscalerTime'
  
C:\Users\mathe\Desktop\projeto\funcional\OptiScaler-DLSSNR-PreSR-Multipass-main\OptiScaler\upscalers\fsr2\FSR2Feature_Dx11.h(10,7): warning C4250: 'FSR2FeatureDx11': herda 'IFeature_Dx11::IFeature_Dx11::ReadDetailedGpuTimes' via domínio [C:\Users\mathe\Desktop\projeto\funcional\OptiScaler-DLSSNR-PreSR-Multipass-main\OptiScaler\OptiScaler.vcxproj]
  (compilando o arquivo fonte '/upscalers/FeatureProvider_Dx11.cpp')
      C:\Users\mathe\Desktop\projeto\funcional\OptiScaler-DLSSNR-PreSR-Multipass-main\OptiScaler\upscalers\IFeature_Dx11.h(48,10):
      consulte a declaração de 'IFeature_Dx11::ReadDetailedGpuTimes'
  
C:\Users\mathe\Desktop\projeto\funcional\OptiScaler-DLSSNR-PreSR-Multipass-main\OptiScaler\upscalers\fsr31\FSR31Feature_Dx11.h(10,7): warning C4250: 'FSR31FeatureDx11': herda 'IFeature_Dx11::IFeature_Dx11::ReadUpscalerTime' via domínio [C:\Users\mathe\Desktop\projeto\funcional\OptiScaler-DLSSNR-PreSR-Multipass-main\OptiScaler\OptiScaler.vcxproj]
  (compilando o arquivo fonte '/upscalers/FeatureProvider_Dx11.cpp')
      C:\Users\mathe\Desktop\projeto\funcional\OptiScaler-DLSSNR-PreSR-Multipass-main\OptiScaler\upscalers\IFeature_Dx11.h(47,27):
      consulte a declaração de 'IFeature_Dx11::ReadUpscalerTime'
  
C:\Users\mathe\Desktop\projeto\funcional\OptiScaler-DLSSNR-PreSR-Multipass-main\OptiScaler\upscalers\fsr31\FSR31Feature_Dx11.h(10,7): warning C4250: 'FSR31FeatureDx11': herda 'IFeature_Dx11::IFeature_Dx11::ReadDetailedGpuTimes' via domínio [C:\Users\mathe\Desktop\projeto\funcional\OptiScaler-DLSSNR-PreSR-Multipass-main\OptiScaler\OptiScaler.vcxproj]
  (compilando o arquivo fonte '/upscalers/FeatureProvider_Dx11.cpp')
      C:\Users\mathe\Desktop\projeto\funcional\OptiScaler-DLSSNR-PreSR-Multipass-main\OptiScaler\upscalers\IFeature_Dx11.h(48,10):
      consulte a declaração de 'IFeature_Dx11::ReadDetailedGpuTimes'
  
C:\Users\mathe\Desktop\projeto\funcional\OptiScaler-DLSSNR-PreSR-Multipass-main\OptiScaler\upscalers\dlss\DLSSFeature_Dx12.h(7,7): warning C4250: 'DLSSFeatureDx12': herda 'IFeature_Dx12::IFeature_Dx12::ReadUpscalerTime' via domínio [C:\Users\mathe\Desktop\projeto\funcional\OptiScaler-DLSSNR-PreSR-Multipass-main\OptiScaler\OptiScaler.vcxproj]
  (compilando o arquivo fonte '/upscalers/FeatureProvider_Dx12.cpp')
      C:\Users\mathe\Desktop\projeto\funcional\OptiScaler-DLSSNR-PreSR-Multipass-main\OptiScaler\upscalers\IFeature_Dx12.h(51,27):
      consulte a declaração de 'IFeature_Dx12::ReadUpscalerTime'
  
C:\Users\mathe\Desktop\projeto\funcional\OptiScaler-DLSSNR-PreSR-Multipass-main\OptiScaler\upscalers\dlss\DLSSFeature_Dx12.h(7,7): warning C4250: 'DLSSFeatureDx12': herda 'IFeature_Dx12::IFeature_Dx12::ReadDetailedGpuTimes' via domínio [C:\Users\mathe\Desktop\projeto\funcional\OptiScaler-DLSSNR-PreSR-Multipass-main\OptiScaler\OptiScaler.vcxproj]
  (compilando o arquivo fonte '/upscalers/FeatureProvider_Dx12.cpp')
      C:\Users\mathe\Desktop\projeto\funcional\OptiScaler-DLSSNR-PreSR-Multipass-main\OptiScaler\upscalers\IFeature_Dx12.h(52,10):
      consulte a declaração de 'IFeature_Dx12::ReadDetailedGpuTimes'
  
C:\Users\mathe\Desktop\projeto\funcional\OptiScaler-DLSSNR-PreSR-Multipass-main\OptiScaler\upscalers\dlssd\DLSSDFeature_Dx12.h(7,7): warning C4250: 'DLSSDFeatureDx12': herda 'IFeature_Dx12::IFeature_Dx12::ReadUpscalerTime' via domínio [C:\Users\mathe\Desktop\projeto\funcional\OptiScaler-DLSSNR-PreSR-Multipass-main\OptiScaler\OptiScaler.vcxproj]
  (compilando o arquivo fonte '/upscalers/FeatureProvider_Dx12.cpp')
      C:\Users\mathe\Desktop\projeto\funcional\OptiScaler-DLSSNR-PreSR-Multipass-main\OptiScaler\upscalers\IFeature_Dx12.h(51,27):
      consulte a declaração de 'IFeature_Dx12::ReadUpscalerTime'
  
C:\Users\mathe\Desktop\projeto\funcional\OptiScaler-DLSSNR-PreSR-Multipass-main\OptiScaler\upscalers\dlssd\DLSSDFeature_Dx12.h(7,7): warning C4250: 'DLSSDFeatureDx12': herda 'IFeature_Dx12::IFeature_Dx12::ReadDetailedGpuTimes' via domínio [C:\Users\mathe\Desktop\projeto\funcional\OptiScaler-DLSSNR-PreSR-Multipass-main\OptiScaler\OptiScaler.vcxproj]
  (compilando o arquivo fonte '/upscalers/FeatureProvider_Dx12.cpp')
      C:\Users\mathe\Desktop\projeto\funcional\OptiScaler-DLSSNR-PreSR-Multipass-main\OptiScaler\upscalers\IFeature_Dx12.h(52,10):
      consulte a declaração de 'IFeature_Dx12::ReadDetailedGpuTimes'
  
C:\Users\mathe\Desktop\projeto\funcional\OptiScaler-DLSSNR-PreSR-Multipass-main\OptiScaler\upscalers\fsr2\FSR2Feature_Dx12.h(8,7): warning C4250: 'FSR2FeatureDx12': herda 'IFeature_Dx12::IFeature_Dx12::ReadUpscalerTime' via domínio [C:\Users\mathe\Desktop\projeto\funcional\OptiScaler-DLSSNR-PreSR-Multipass-main\OptiScaler\OptiScaler.vcxproj]
  (compilando o arquivo fonte '/upscalers/FeatureProvider_Dx12.cpp')
      C:\Users\mathe\Desktop\projeto\funcional\OptiScaler-DLSSNR-PreSR-Multipass-main\OptiScaler\upscalers\IFeature_Dx12.h(51,27):
      consulte a declaração de 'IFeature_Dx12::ReadUpscalerTime'
  
C:\Users\mathe\Desktop\projeto\funcional\OptiScaler-DLSSNR-PreSR-Multipass-main\OptiScaler\upscalers\fsr2\FSR2Feature_Dx12.h(8,7): warning C4250: 'FSR2FeatureDx12': herda 'IFeature_Dx12::IFeature_Dx12::ReadDetailedGpuTimes' via domínio [C:\Users\mathe\Desktop\projeto\funcional\OptiScaler-DLSSNR-PreSR-Multipass-main\OptiScaler\OptiScaler.vcxproj]
  (compilando o arquivo fonte '/upscalers/FeatureProvider_Dx12.cpp')
      C:\Users\mathe\Desktop\projeto\funcional\OptiScaler-DLSSNR-PreSR-Multipass-main\OptiScaler\upscalers\IFeature_Dx12.h(52,10):
      consulte a declaração de 'IFeature_Dx12::ReadDetailedGpuTimes'
  
C:\Users\mathe\Desktop\projeto\funcional\OptiScaler-DLSSNR-PreSR-Multipass-main\OptiScaler\upscalers\fsr2_212\FSR2Feature_Dx12_212.h(8,7): warning C4250: 'FSR2FeatureDx12_212': herda 'IFeature_Dx12::IFeature_Dx12::ReadUpscalerTime' via domínio [C:\Users\mathe\Desktop\projeto\funcional\OptiScaler-DLSSNR-PreSR-Multipass-main\OptiScaler\OptiScaler.vcxproj]
  (compilando o arquivo fonte '/upscalers/FeatureProvider_Dx12.cpp')
      C:\Users\mathe\Desktop\projeto\funcional\OptiScaler-DLSSNR-PreSR-Multipass-main\OptiScaler\upscalers\IFeature_Dx12.h(51,27):
      consulte a declaração de 'IFeature_Dx12::ReadUpscalerTime'
  
C:\Users\mathe\Desktop\projeto\funcional\OptiScaler-DLSSNR-PreSR-Multipass-main\OptiScaler\upscalers\fsr2_212\FSR2Feature_Dx12_212.h(8,7): warning C4250: 'FSR2FeatureDx12_212': herda 'IFeature_Dx12::IFeature_Dx12::ReadDetailedGpuTimes' via domínio [C:\Users\mathe\Desktop\projeto\funcional\OptiScaler-DLSSNR-PreSR-Multipass-main\OptiScaler\OptiScaler.vcxproj]
  (compilando o arquivo fonte '/upscalers/FeatureProvider_Dx12.cpp')
      C:\Users\mathe\Desktop\projeto\funcional\OptiScaler-DLSSNR-PreSR-Multipass-main\OptiScaler\upscalers\IFeature_Dx12.h(52,10):
      consulte a declaração de 'IFeature_Dx12::ReadDetailedGpuTimes'
  
C:\Users\mathe\Desktop\projeto\funcional\OptiScaler-DLSSNR-PreSR-Multipass-main\OptiScaler\upscalers\ffx\FFXFeature_Dx12.h(8,7): warning C4250: 'FFXFeatureDx12': herda 'IFeature_Dx12::IFeature_Dx12::ReadUpscalerTime' via domínio [C:\Users\mathe\Desktop\projeto\funcional\OptiScaler-DLSSNR-PreSR-Multipass-main\OptiScaler\OptiScaler.vcxproj]
  (compilando o arquivo fonte '/upscalers/FeatureProvider_Dx12.cpp')
      C:\Users\mathe\Desktop\projeto\funcional\OptiScaler-DLSSNR-PreSR-Multipass-main\OptiScaler\upscalers\IFeature_Dx12.h(51,27):
      consulte a declaração de 'IFeature_Dx12::ReadUpscalerTime'
  
C:\Users\mathe\Desktop\projeto\funcional\OptiScaler-DLSSNR-PreSR-Multipass-main\OptiScaler\upscalers\ffx\FFXFeature_Dx12.h(8,7): warning C4250: 'FFXFeatureDx12': herda 'IFeature_Dx12::IFeature_Dx12::ReadDetailedGpuTimes' via domínio [C:\Users\mathe\Desktop\projeto\funcional\OptiScaler-DLSSNR-PreSR-Multipass-main\OptiScaler\OptiScaler.vcxproj]
  (compilando o arquivo fonte '/upscalers/FeatureProvider_Dx12.cpp')
      C:\Users\mathe\Desktop\projeto\funcional\OptiScaler-DLSSNR-PreSR-Multipass-main\OptiScaler\upscalers\IFeature_Dx12.h(52,10):
      consulte a declaração de 'IFeature_Dx12::ReadDetailedGpuTimes'
  
C:\Users\mathe\Desktop\projeto\funcional\OptiScaler-DLSSNR-PreSR-Multipass-main\OptiScaler\upscalers\xess\XeSSFeature_Dx12.h(6,7): warning C4250: 'XeSSFeatureDx12': herda 'IFeature_Dx12::IFeature_Dx12::ReadUpscalerTime' via domínio [C:\Users\mathe\Desktop\projeto\funcional\OptiScaler-DLSSNR-PreSR-Multipass-main\OptiScaler\OptiScaler.vcxproj]
  (compilando o arquivo fonte '/upscalers/FeatureProvider_Dx12.cpp')
      C:\Users\mathe\Desktop\projeto\funcional\OptiScaler-DLSSNR-PreSR-Multipass-main\OptiScaler\upscalers\IFeature_Dx12.h(51,27):
      consulte a declaração de 'IFeature_Dx12::ReadUpscalerTime'
  
C:\Users\mathe\Desktop\projeto\funcional\OptiScaler-DLSSNR-PreSR-Multipass-main\OptiScaler\upscalers\xess\XeSSFeature_Dx12.h(6,7): warning C4250: 'XeSSFeatureDx12': herda 'IFeature_Dx12::IFeature_Dx12::ReadDetailedGpuTimes' via domínio [C:\Users\mathe\Desktop\projeto\funcional\OptiScaler-DLSSNR-PreSR-Multipass-main\OptiScaler\OptiScaler.vcxproj]
  (compilando o arquivo fonte '/upscalers/FeatureProvider_Dx12.cpp')
      C:\Users\mathe\Desktop\projeto\funcional\OptiScaler-DLSSNR-PreSR-Multipass-main\OptiScaler\upscalers\IFeature_Dx12.h(52,10):
      consulte a declaração de 'IFeature_Dx12::ReadDetailedGpuTimes'
  
LINK : warning C4744: 'static struct std::atomic<class std::shared_ptr<class LowLatencyTech> > InputCommon::currently_active_tech' possui tipo diferente em 'c:\users\mathe\desktop\projeto\funcional\optiscaler-dlssnr-presr-multipass-main\optiscaler\nvapi\fakenvapi\low_latency_d3d.cpp' e em 'c:\users\mathe\desktop\projeto\funcional\optiscaler-dlssnr-presr-multipass-main\optiscaler\hooks\amdxc64_hooks.cpp': '__declspec(align(16)) struct (16 bytes)' e 'struct (16 bytes)' [C:\Users\mathe\Desktop\projeto\funcional\OptiScaler-DLSSNR-PreSR-Multipass-main\OptiScaler\OptiScaler.vcxproj]
     Criando biblioteca C:\Users\mathe\Desktop\projeto\funcional\OptiScaler-DLSSNR-PreSR-Multipass-main\x64\Release\OptiScaler.lib e objeto C:\Users\mathe\Desktop\projeto\funcional\OptiScaler-DLSSNR-PreSR-Multipass-main\x64\Release\OptiScaler.exp
LINK : warning LNK4098: defaultlib 'LIBCMT' conflita com uso de outras bibliotecas; use /NODEFAULTLIB:library [C:\Users\mathe\Desktop\projeto\funcional\OptiScaler-DLSSNR-PreSR-Multipass-main\OptiScaler\OptiScaler.vcxproj]
  Gerando código
  20 of 38156 functions (<0.1%) were compiled, the rest were copied from previous compilation.
    0 functions were new in current compilation
    234 functions had inline decision re-evaluated but remain unchanged
  Finalizada a geraçao de código
  OptiScaler.vcxproj -> C:\Users\mathe\Desktop\projeto\funcional\OptiScaler-DLSSNR-PreSR-Multipass-main\x64\Release\OptiScaler.dll
