Versão do MSBuild 18.6.3+84d3e95b4 para .NET Framework

  dlssnr_forwarder.vcxproj -> C:\Users\mathe\Desktop\projeto\funcional\OptiScaler-DLSSNR-PreSR-Multipass-main\x64\Release\a\nvngx.dll_dlssnr.dll
  pch.cpp
  AmdPreSr.cpp
  RtgiNative.cpp
  imgui_impl_win32.cpp
  Config.cpp
  Logger.cpp
  NVNGX_Parameter.cpp
  OptiTypes.cpp
  Util.cpp
  dllmain.cpp
  DlssNrFeature_Vk.cpp
  DlssNr_ExposureScan.cpp
  DlssNr_Menu.cpp
  DlssNr_Proxy.cpp
  AmdBridge.cpp
  IFGFeature.cpp
  IFGFeature_Dx12.cpp
  DLSSG_Dx12.cpp
  FSRFG_Dx12.cpp
  Nvngx_Arturs.cpp
  Nvngx_Combo.cpp
  Nvngx_DllProxy.cpp
  Nvngx_FFX.cpp
  Nvngx_FG.cpp
  Nvngx_Nukems.cpp
  XeFG_Dx12.cpp
  FSR4ModelSelection.cpp
  FSR4Upgrade.cpp
  GpuTime_Dx11.cpp
  GpuTime_Dx12.cpp
  Amdxc64_Hooks.cpp
  D3D11_Hooks.cpp
  D3D12_Hooks.cpp
  DxgiFactory_Hooks.cpp
  DxgiFactory_WrappedCalls.cpp
  Dxgi_Hooks.cpp
  FG_Hooks.cpp
  Kernel_Hooks.cpp
  LibraryLoad_Hooks.cpp
  Reflex_Hooks.cpp
  Streamline_Hooks.cpp
  Vulkan_Hooks.cpp
  VulkanwDx12_Hooks.cpp
  Xell_Hooks.cpp
  Hudfix_Dx12.cpp
  device_info.cpp
  FSR3_Dx12_FG.cpp
  FfxApi_Dx12_FG.cpp
  Streamline_Inputs_Dx12.cpp
  Streamline_Inputs_Sl1_Dx12.cpp
  Upscaler_Inputs_Dx11wDx12.cpp
  Upscaler_Inputs_Dx12.cpp
  FSR2_Dx11.cpp
  FSR2_Dx12.cpp
  FSR2_Vk.cpp
  FSR3_Dx12.cpp
  FfxApiExe_Dx12.cpp
  FfxApi_Dx12.cpp
  FfxApi_Vk.cpp
  NVNGX.cpp
  NVNGX_DLSS_Dx11.cpp
  NVNGX_DLSS_Dx12.cpp
  NVNGX_DLSS_Vk.cpp
  XeSS_Base.cpp
  XeSS_Common.cpp
  XeSS_Dbg.cpp
  XeSS_Debug.cpp
  XeSS_Dx11.cpp
  XeSS_Dx12.cpp
  XeSS_Vulkan.cpp
C:\Users\mathe\Desktop\projeto\funcional\OptiScaler-DLSSNR-PreSR-Multipass-main\OptiScaler\hooks\Streamline_Hooks.cpp(246,63): warning C4267: '=': conversão de 'size_t' para 'uint32_t', possível perda de dados [C:\Users\mathe\Desktop\projeto\funcional\OptiScaler-DLSSNR-PreSR-Multipass-main\OptiScaler\OptiScaler.vcxproj]
  (compilando o arquivo fonte '/hooks/Streamline_Hooks.cpp')
  
  input_antilag2.cpp
  input_common.cpp
  input_reflex.cpp
  input_uell.cpp
  input_xell.cpp
F:\build\VC\Tools\MSVC\14.41.34120\include\optional(82,17): warning C4244: 'inicializando': conversão de 'int64_t' para 'unsigned int', possível perda de dados [C:\Users\mathe\Desktop\projeto\funcional\OptiScaler-DLSSNR-PreSR-Multipass-main\OptiScaler\OptiScaler.vcxproj]
  (compilando o arquivo fonte '/low_latency/input/input_uell.cpp')
      F:\build\VC\Tools\MSVC\14.41.34120\include\optional(82,17):
      o contexto de instanciação do modelo (o mais antigo primeiro) é
          C:\Users\mathe\Desktop\projeto\funcional\OptiScaler-DLSSNR-PreSR-Multipass-main\OptiScaler\low_latency\input\input_uell.cpp(44,60):
          consulte a referência à instanciação 'std::optional<UINT>::optional<int64_t&,0>(_Ty2) noexcept' do modelo que está sendo compilada
          with
          [
              _Ty2=int64_t &
          ]
              C:\Users\mathe\Desktop\projeto\funcional\OptiScaler-DLSSNR-PreSR-Multipass-main\OptiScaler\low_latency\input\input_uell.cpp(44,17):
              veja a primeira referência a 'std::optional<UINT>::optional' em 'InputUeLowLatency::tickStart'
          F:\build\VC\Tools\MSVC\14.41.34120\include\optional(248,18):
          consulte a referência à instanciação 'std::_Optional_construct_base<_Ty>::_Optional_construct_base<int64_t&>(std::in_place_t,int64_t &)' do modelo que está sendo compilada
          with
          [
              _Ty=UINT
          ]
          C:\Users\mathe\Desktop\projeto\funcional\OptiScaler-DLSSNR-PreSR-Multipass-main\OptiScaler\low_latency\input\input_uell.cpp(82,1):
          consulte a referência à instanciação 'std::_Optional_destruct_base<_Ty,true>::_Optional_destruct_base<int64_t&>(std::in_place_t,int64_t &) noexcept' do modelo que está sendo compilada
          with
          [
              _Ty=UINT
          ]
  
  ll_util.cpp
  ll_antilag2.cpp
  ll_antilag_vk.cpp
  ll_latencyflex.cpp
  ll_xell.cpp
  input_system.cpp
  input_system_cursor.cpp
  input_system_detours.cpp
  input_system_directinput.cpp
  input_system_gameinput.cpp
  input_system_hid.cpp
  input_system_messages.cpp
  input_system_raw.cpp
  input_system_window.cpp
  input_system_windows_hooks.cpp
  input_system_xinput.cpp
  menu_common.cpp
  menu_dx11.cpp
  menu_dx12.cpp
  menu_dx_base.cpp
  menu_overlay_base.cpp
  menu_overlay_dx.cpp
  menu_overlay_vk.cpp
  FrameLimit.cpp
  IdentifyGpu.cpp
  SkipSpoof.cpp
  NvApiHooks.cpp
  NvApiTypes.cpp
  fakenvapi.cpp
  log.cpp
  low_latency.cpp
  low_latency_d3d.cpp
  low_latency_vk.cpp
  nvapi_calls.cpp
  ResTrack_dx12.cpp
C:\Users\mathe\Desktop\projeto\funcional\OptiScaler-DLSSNR-PreSR-Multipass-main\OptiScaler\upscalers\dlss\DLSSFeature_Dx12.h(7,7): warning C4250: 'DLSSFeatureDx12': herda 'IFeature_Dx12::IFeature_Dx12::ReadUpscalerTime' via domínio [C:\Users\mathe\Desktop\projeto\funcional\OptiScaler-DLSSNR-PreSR-Multipass-main\OptiScaler\OptiScaler.vcxproj]
  (compilando o arquivo fonte '/inputs/NVNGX_DLSS_Dx12.cpp')
      C:\Users\mathe\Desktop\projeto\funcional\OptiScaler-DLSSNR-PreSR-Multipass-main\OptiScaler\upscalers\IFeature_Dx12.h(51,27):
      consulte a declaração de 'IFeature_Dx12::ReadUpscalerTime'
  
C:\Users\mathe\Desktop\projeto\funcional\OptiScaler-DLSSNR-PreSR-Multipass-main\OptiScaler\upscalers\dlss\DLSSFeature_Dx12.h(7,7): warning C4250: 'DLSSFeatureDx12': herda 'IFeature_Dx12::IFeature_Dx12::ReadDetailedGpuTimes' via domínio [C:\Users\mathe\Desktop\projeto\funcional\OptiScaler-DLSSNR-PreSR-Multipass-main\OptiScaler\OptiScaler.vcxproj]
  (compilando o arquivo fonte '/inputs/NVNGX_DLSS_Dx12.cpp')
      C:\Users\mathe\Desktop\projeto\funcional\OptiScaler-DLSSNR-PreSR-Multipass-main\OptiScaler\upscalers\IFeature_Dx12.h(52,10):
      consulte a declaração de 'IFeature_Dx12::ReadDetailedGpuTimes'
  
  scanner.cpp
  Shader_Common.cpp
  Shader_Dx11.cpp
  Shader_Dx12.cpp
  Shader_Vk.cpp
  Bias_Dx11.cpp
  Bias_Dx12.cpp
  DI_Dx12.cpp
  DS_Dx12.cpp
  DT_Dx11.cpp
  DT_Vk.cpp
  DlssNr_Dx12.cpp
  DlssNr_Vk.cpp
  FT_Dx12.cpp
  HudCopy_Dx12.cpp
  HC_Dx12.cpp
  HCC_Dx12.cpp
  Magnifier_Common.cpp
  Magnifier_Dx11.cpp
C:\Users\mathe\Desktop\projeto\funcional\OptiScaler-DLSSNR-PreSR-Multipass-main\OptiScaler\shaders\magnifier\Magnifier_Common.cpp(40,51): warning C4244: '=': conversão de 'LONG' para 'float', possível perda de dados [C:\Users\mathe\Desktop\projeto\funcional\OptiScaler-DLSSNR-PreSR-Multipass-main\OptiScaler\OptiScaler.vcxproj]
  (compilando o arquivo fonte '/shaders/magnifier/Magnifier_Common.cpp')
  
C:\Users\mathe\Desktop\projeto\funcional\OptiScaler-DLSSNR-PreSR-Multipass-main\OptiScaler\shaders\magnifier\Magnifier_Common.cpp(41,51): warning C4244: '=': conversão de 'LONG' para 'float', possível perda de dados [C:\Users\mathe\Desktop\projeto\funcional\OptiScaler-DLSSNR-PreSR-Multipass-main\OptiScaler\OptiScaler.vcxproj]
  (compilando o arquivo fonte '/shaders/magnifier/Magnifier_Common.cpp')
  
  Magnifier_Dx12.cpp
  Magnifier_Vk.cpp
  OS_Dx11.cpp
  OS_Dx12.cpp
  OS_Vk.cpp
  RCAS_Common.cpp
  RCAS_Dx11.cpp
  RCAS_Dx12.cpp
  RCAS_Vk.cpp
  RUI_Dx12.cpp
  RC_Vk.cpp
  RF_Dx12.cpp
  Dxgi_Spoofing.cpp
  User32_Spoofing.cpp
  Vulkan_Spoofing.cpp
  UpscalerTime_Vk.cpp
  FeatureProvider_Dx11.cpp
  FeatureProvider_Dx12.cpp
  FeatureProvider_Vk.cpp
  IFeature.cpp
  IFeature_Dx11.cpp
  IFeature_Dx11wDx12.cpp
  IFeature_Dx12.cpp
  IFeature_Vk.cpp
  IFeature_VkwDx12.cpp
  DLSSFeature.cpp
  DLSSFeature_Dx11.cpp
  DLSSFeature_Dx11On12.cpp
  DLSSFeature_Dx12.cpp
  DLSSFeature_Vk.cpp
  DLSSFeature_VkOn12.cpp
C:\Users\mathe\Desktop\projeto\funcional\OptiScaler-DLSSNR-PreSR-Multipass-main\OptiScaler\upscalers\dlss\DLSSFeature_Dx11.h(6,7): warning C4250: 'DLSSFeatureDx11': herda 'IFeature_Dx11::IFeature_Dx11::ReadUpscalerTime' via domínio [C:\Users\mathe\Desktop\projeto\funcional\OptiScaler-DLSSNR-PreSR-Multipass-main\OptiScaler\OptiScaler.vcxproj]
  (compilando o arquivo fonte '/upscalers/FeatureProvider_Dx11.cpp')
      C:\Users\mathe\Desktop\projeto\funcional\OptiScaler-DLSSNR-PreSR-Multipass-main\OptiScaler\upscalers\IFeature_Dx11.h(47,27):
      consulte a declaração de 'IFeature_Dx11::ReadUpscalerTime'
  
C:\Users\mathe\Desktop\projeto\funcional\OptiScaler-DLSSNR-PreSR-Multipass-main\OptiScaler\upscalers\dlss\DLSSFeature_Dx11.h(6,7): warning C4250: 'DLSSFeatureDx11': herda 'IFeature_Dx11::IFeature_Dx11::ReadDetailedGpuTimes' via domínio [C:\Users\mathe\Desktop\projeto\funcional\OptiScaler-DLSSNR-PreSR-Multipass-main\OptiScaler\OptiScaler.vcxproj]
  (compilando o arquivo fonte '/upscalers/FeatureProvider_Dx11.cpp')
      C:\Users\mathe\Desktop\projeto\funcional\OptiScaler-DLSSNR-PreSR-Multipass-main\OptiScaler\upscalers\IFeature_Dx11.h(48,10):
      consulte a declaração de 'IFeature_Dx11::ReadDetailedGpuTimes'
  
C:\Users\mathe\Desktop\projeto\funcional\OptiScaler-DLSSNR-PreSR-Multipass-main\OptiScaler\upscalers\dlssd\DLSSDFeature_Dx11.h(6,7): warning C4250: 'DLSSDFeatureDx11': herda 'IFeature_Dx11::IFeature_Dx11::ReadUpscalerTime' via domínio [C:\Users\mathe\Desktop\projeto\funcional\OptiScaler-DLSSNR-PreSR-Multipass-main\OptiScaler\OptiScaler.vcxproj]
  (compilando o arquivo fonte '/upscalers/FeatureProvider_Dx11.cpp')
      C:\Users\mathe\Desktop\projeto\funcional\OptiScaler-DLSSNR-PreSR-Multipass-main\OptiScaler\upscalers\IFeature_Dx11.h(47,27):
      consulte a declaração de 'IFeature_Dx11::ReadUpscalerTime'
  
C:\Users\mathe\Desktop\projeto\funcional\OptiScaler-DLSSNR-PreSR-Multipass-main\OptiScaler\upscalers\dlssd\DLSSDFeature_Dx11.h(6,7): warning C4250: 'DLSSDFeatureDx11': herda 'IFeature_Dx11::IFeature_Dx11::ReadDetailedGpuTimes' via domínio [C:\Users\mathe\Desktop\projeto\funcional\OptiScaler-DLSSNR-PreSR-Multipass-main\OptiScaler\OptiScaler.vcxproj]
  (compilando o arquivo fonte '/upscalers/FeatureProvider_Dx11.cpp')
      C:\Users\mathe\Desktop\projeto\funcional\OptiScaler-DLSSNR-PreSR-Multipass-main\OptiScaler\upscalers\IFeature_Dx11.h(48,10):
      consulte a declaração de 'IFeature_Dx11::ReadDetailedGpuTimes'
  
C:\Users\mathe\Desktop\projeto\funcional\OptiScaler-DLSSNR-PreSR-Multipass-main\OptiScaler\upscalers\fsr2\FSR2Feature_Dx11.h(10,7): warning C4250: 'FSR2FeatureDx11': herda 'IFeature_Dx11::IFeature_Dx11::ReadUpscalerTime' via domínio [C:\Users\mathe\Desktop\projeto\funcional\OptiScaler-DLSSNR-PreSR-Multipass-main\OptiScaler\OptiScaler.vcxproj]
  (compilando o arquivo fonte '/upscalers/FeatureProvider_Dx11.cpp')
      C:\Users\mathe\Desktop\projeto\funcional\OptiScaler-DLSSNR-PreSR-Multipass-main\OptiScaler\upscalers\IFeature_Dx11.h(47,27):
      consulte a declaração de 'IFeature_Dx11::ReadUpscalerTime'
  
C:\Users\mathe\Desktop\projeto\funcional\OptiScaler-DLSSNR-PreSR-Multipass-main\OptiScaler\upscalers\fsr2\FSR2Feature_Dx11.h(10,7): warning C4250: 'FSR2FeatureDx11': herda 'IFeature_Dx11::IFeature_Dx11::ReadDetailedGpuTimes' via domínio [C:\Users\mathe\Desktop\projeto\funcional\OptiScaler-DLSSNR-PreSR-Multipass-main\OptiScaler\OptiScaler.vcxproj]
  (compilando o arquivo fonte '/upscalers/FeatureProvider_Dx11.cpp')
      C:\Users\mathe\Desktop\projeto\funcional\OptiScaler-DLSSNR-PreSR-Multipass-main\OptiScaler\upscalers\IFeature_Dx11.h(48,10):
      consulte a declaração de 'IFeature_Dx11::ReadDetailedGpuTimes'
  
C:\Users\mathe\Desktop\projeto\funcional\OptiScaler-DLSSNR-PreSR-Multipass-main\OptiScaler\upscalers\fsr31\FSR31Feature_Dx11.h(10,7): warning C4250: 'FSR31FeatureDx11': herda 'IFeature_Dx11::IFeature_Dx11::ReadUpscalerTime' via domínio [C:\Users\mathe\Desktop\projeto\funcional\OptiScaler-DLSSNR-PreSR-Multipass-main\OptiScaler\OptiScaler.vcxproj]
  (compilando o arquivo fonte '/upscalers/FeatureProvider_Dx11.cpp')
      C:\Users\mathe\Desktop\projeto\funcional\OptiScaler-DLSSNR-PreSR-Multipass-main\OptiScaler\upscalers\IFeature_Dx11.h(47,27):
      consulte a declaração de 'IFeature_Dx11::ReadUpscalerTime'
  
C:\Users\mathe\Desktop\projeto\funcional\OptiScaler-DLSSNR-PreSR-Multipass-main\OptiScaler\upscalers\fsr31\FSR31Feature_Dx11.h(10,7): warning C4250: 'FSR31FeatureDx11': herda 'IFeature_Dx11::IFeature_Dx11::ReadDetailedGpuTimes' via domínio [C:\Users\mathe\Desktop\projeto\funcional\OptiScaler-DLSSNR-PreSR-Multipass-main\OptiScaler\OptiScaler.vcxproj]
  (compilando o arquivo fonte '/upscalers/FeatureProvider_Dx11.cpp')
      C:\Users\mathe\Desktop\projeto\funcional\OptiScaler-DLSSNR-PreSR-Multipass-main\OptiScaler\upscalers\IFeature_Dx11.h(48,10):
      consulte a declaração de 'IFeature_Dx11::ReadDetailedGpuTimes'
  
  DLSSDFeature.cpp
  DLSSDFeature_Dx11.cpp
C:\Users\mathe\Desktop\projeto\funcional\OptiScaler-DLSSNR-PreSR-Multipass-main\OptiScaler\upscalers\dlss\DLSSFeature_Dx12.h(7,7): warning C4250: 'DLSSFeatureDx12': herda 'IFeature_Dx12::IFeature_Dx12::ReadUpscalerTime' via domínio [C:\Users\mathe\Desktop\projeto\funcional\OptiScaler-DLSSNR-PreSR-Multipass-main\OptiScaler\OptiScaler.vcxproj]
  (compilando o arquivo fonte '/upscalers/FeatureProvider_Dx12.cpp')
      C:\Users\mathe\Desktop\projeto\funcional\OptiScaler-DLSSNR-PreSR-Multipass-main\OptiScaler\upscalers\IFeature_Dx12.h(51,27):
      consulte a declaração de 'IFeature_Dx12::ReadUpscalerTime'
  
C:\Users\mathe\Desktop\projeto\funcional\OptiScaler-DLSSNR-PreSR-Multipass-main\OptiScaler\upscalers\dlss\DLSSFeature_Dx12.h(7,7): warning C4250: 'DLSSFeatureDx12': herda 'IFeature_Dx12::IFeature_Dx12::ReadDetailedGpuTimes' via domínio [C:\Users\mathe\Desktop\projeto\funcional\OptiScaler-DLSSNR-PreSR-Multipass-main\OptiScaler\OptiScaler.vcxproj]
  (compilando o arquivo fonte '/upscalers/FeatureProvider_Dx12.cpp')
      C:\Users\mathe\Desktop\projeto\funcional\OptiScaler-DLSSNR-PreSR-Multipass-main\OptiScaler\upscalers\IFeature_Dx12.h(52,10):
      consulte a declaração de 'IFeature_Dx12::ReadDetailedGpuTimes'
  
C:\Users\mathe\Desktop\projeto\funcional\OptiScaler-DLSSNR-PreSR-Multipass-main\OptiScaler\upscalers\dlssd\DLSSDFeature_Dx12.h(7,7): warning C4250: 'DLSSDFeatureDx12': herda 'IFeature_Dx12::IFeature_Dx12::ReadUpscalerTime' via domínio [C:\Users\mathe\Desktop\projeto\funcional\OptiScaler-DLSSNR-PreSR-Multipass-main\OptiScaler\OptiScaler.vcxproj]
  (compilando o arquivo fonte '/upscalers/FeatureProvider_Dx12.cpp')
      C:\Users\mathe\Desktop\projeto\funcional\OptiScaler-DLSSNR-PreSR-Multipass-main\OptiScaler\upscalers\IFeature_Dx12.h(51,27):
      consulte a declaração de 'IFeature_Dx12::ReadUpscalerTime'
  
C:\Users\mathe\Desktop\projeto\funcional\OptiScaler-DLSSNR-PreSR-Multipass-main\OptiScaler\upscalers\dlssd\DLSSDFeature_Dx12.h(7,7): warning C4250: 'DLSSDFeatureDx12': herda 'IFeature_Dx12::IFeature_Dx12::ReadDetailedGpuTimes' via domínio [C:\Users\mathe\Desktop\projeto\funcional\OptiScaler-DLSSNR-PreSR-Multipass-main\OptiScaler\OptiScaler.vcxproj]
  (compilando o arquivo fonte '/upscalers/FeatureProvider_Dx12.cpp')
      C:\Users\mathe\Desktop\projeto\funcional\OptiScaler-DLSSNR-PreSR-Multipass-main\OptiScaler\upscalers\IFeature_Dx12.h(52,10):
      consulte a declaração de 'IFeature_Dx12::ReadDetailedGpuTimes'
  
C:\Users\mathe\Desktop\projeto\funcional\OptiScaler-DLSSNR-PreSR-Multipass-main\OptiScaler\upscalers\fsr2\FSR2Feature_Dx12.h(8,7): warning C4250: 'FSR2FeatureDx12': herda 'IFeature_Dx12::IFeature_Dx12::ReadUpscalerTime' via domínio [C:\Users\mathe\Desktop\projeto\funcional\OptiScaler-DLSSNR-PreSR-Multipass-main\OptiScaler\OptiScaler.vcxproj]
  (compilando o arquivo fonte '/upscalers/FeatureProvider_Dx12.cpp')
      C:\Users\mathe\Desktop\projeto\funcional\OptiScaler-DLSSNR-PreSR-Multipass-main\OptiScaler\upscalers\IFeature_Dx12.h(51,27):
      consulte a declaração de 'IFeature_Dx12::ReadUpscalerTime'
  
C:\Users\mathe\Desktop\projeto\funcional\OptiScaler-DLSSNR-PreSR-Multipass-main\OptiScaler\upscalers\fsr2\FSR2Feature_Dx12.h(8,7): warning C4250: 'FSR2FeatureDx12': herda 'IFeature_Dx12::IFeature_Dx12::ReadDetailedGpuTimes' via domínio [C:\Users\mathe\Desktop\projeto\funcional\OptiScaler-DLSSNR-PreSR-Multipass-main\OptiScaler\OptiScaler.vcxproj]
  (compilando o arquivo fonte '/upscalers/FeatureProvider_Dx12.cpp')
      C:\Users\mathe\Desktop\projeto\funcional\OptiScaler-DLSSNR-PreSR-Multipass-main\OptiScaler\upscalers\IFeature_Dx12.h(52,10):
      consulte a declaração de 'IFeature_Dx12::ReadDetailedGpuTimes'
  
C:\Users\mathe\Desktop\projeto\funcional\OptiScaler-DLSSNR-PreSR-Multipass-main\OptiScaler\upscalers\fsr2_212\FSR2Feature_Dx12_212.h(8,7): warning C4250: 'FSR2FeatureDx12_212': herda 'IFeature_Dx12::IFeature_Dx12::ReadUpscalerTime' via domínio [C:\Users\mathe\Desktop\projeto\funcional\OptiScaler-DLSSNR-PreSR-Multipass-main\OptiScaler\OptiScaler.vcxproj]
  (compilando o arquivo fonte '/upscalers/FeatureProvider_Dx12.cpp')
      C:\Users\mathe\Desktop\projeto\funcional\OptiScaler-DLSSNR-PreSR-Multipass-main\OptiScaler\upscalers\IFeature_Dx12.h(51,27):
      consulte a declaração de 'IFeature_Dx12::ReadUpscalerTime'
  
C:\Users\mathe\Desktop\projeto\funcional\OptiScaler-DLSSNR-PreSR-Multipass-main\OptiScaler\upscalers\fsr2_212\FSR2Feature_Dx12_212.h(8,7): warning C4250: 'FSR2FeatureDx12_212': herda 'IFeature_Dx12::IFeature_Dx12::ReadDetailedGpuTimes' via domínio [C:\Users\mathe\Desktop\projeto\funcional\OptiScaler-DLSSNR-PreSR-Multipass-main\OptiScaler\OptiScaler.vcxproj]
  (compilando o arquivo fonte '/upscalers/FeatureProvider_Dx12.cpp')
      C:\Users\mathe\Desktop\projeto\funcional\OptiScaler-DLSSNR-PreSR-Multipass-main\OptiScaler\upscalers\IFeature_Dx12.h(52,10):
      consulte a declaração de 'IFeature_Dx12::ReadDetailedGpuTimes'
  
  DLSSDFeature_Dx12.cpp
C:\Users\mathe\Desktop\projeto\funcional\OptiScaler-DLSSNR-PreSR-Multipass-main\OptiScaler\upscalers\ffx\FFXFeature_Dx12.h(8,7): warning C4250: 'FFXFeatureDx12': herda 'IFeature_Dx12::IFeature_Dx12::ReadUpscalerTime' via domínio [C:\Users\mathe\Desktop\projeto\funcional\OptiScaler-DLSSNR-PreSR-Multipass-main\OptiScaler\OptiScaler.vcxproj]
  (compilando o arquivo fonte '/upscalers/FeatureProvider_Dx12.cpp')
      C:\Users\mathe\Desktop\projeto\funcional\OptiScaler-DLSSNR-PreSR-Multipass-main\OptiScaler\upscalers\IFeature_Dx12.h(51,27):
      consulte a declaração de 'IFeature_Dx12::ReadUpscalerTime'
  
C:\Users\mathe\Desktop\projeto\funcional\OptiScaler-DLSSNR-PreSR-Multipass-main\OptiScaler\upscalers\ffx\FFXFeature_Dx12.h(8,7): warning C4250: 'FFXFeatureDx12': herda 'IFeature_Dx12::IFeature_Dx12::ReadDetailedGpuTimes' via domínio [C:\Users\mathe\Desktop\projeto\funcional\OptiScaler-DLSSNR-PreSR-Multipass-main\OptiScaler\OptiScaler.vcxproj]
  (compilando o arquivo fonte '/upscalers/FeatureProvider_Dx12.cpp')
      C:\Users\mathe\Desktop\projeto\funcional\OptiScaler-DLSSNR-PreSR-Multipass-main\OptiScaler\upscalers\IFeature_Dx12.h(52,10):
      consulte a declaração de 'IFeature_Dx12::ReadDetailedGpuTimes'
  
  DLSSDFeature_Vk.cpp
C:\Users\mathe\Desktop\projeto\funcional\OptiScaler-DLSSNR-PreSR-Multipass-main\OptiScaler\upscalers\xess\XeSSFeature_Dx12.h(6,7): warning C4250: 'XeSSFeatureDx12': herda 'IFeature_Dx12::IFeature_Dx12::ReadUpscalerTime' via domínio [C:\Users\mathe\Desktop\projeto\funcional\OptiScaler-DLSSNR-PreSR-Multipass-main\OptiScaler\OptiScaler.vcxproj]
  (compilando o arquivo fonte '/upscalers/FeatureProvider_Dx12.cpp')
      C:\Users\mathe\Desktop\projeto\funcional\OptiScaler-DLSSNR-PreSR-Multipass-main\OptiScaler\upscalers\IFeature_Dx12.h(51,27):
      consulte a declaração de 'IFeature_Dx12::ReadUpscalerTime'
  
C:\Users\mathe\Desktop\projeto\funcional\OptiScaler-DLSSNR-PreSR-Multipass-main\OptiScaler\upscalers\xess\XeSSFeature_Dx12.h(6,7): warning C4250: 'XeSSFeatureDx12': herda 'IFeature_Dx12::IFeature_Dx12::ReadDetailedGpuTimes' via domínio [C:\Users\mathe\Desktop\projeto\funcional\OptiScaler-DLSSNR-PreSR-Multipass-main\OptiScaler\OptiScaler.vcxproj]
  (compilando o arquivo fonte '/upscalers/FeatureProvider_Dx12.cpp')
      C:\Users\mathe\Desktop\projeto\funcional\OptiScaler-DLSSNR-PreSR-Multipass-main\OptiScaler\upscalers\IFeature_Dx12.h(52,10):
      consulte a declaração de 'IFeature_Dx12::ReadDetailedGpuTimes'
  
C:\Users\mathe\Desktop\projeto\funcional\OptiScaler-DLSSNR-PreSR-Multipass-main\OptiScaler\upscalers\dlss\DLSSFeature_Dx11.h(6,7): warning C4250: 'DLSSFeatureDx11': herda 'IFeature_Dx11::IFeature_Dx11::ReadUpscalerTime' via domínio [C:\Users\mathe\Desktop\projeto\funcional\OptiScaler-DLSSNR-PreSR-Multipass-main\OptiScaler\OptiScaler.vcxproj]
  (compilando o arquivo fonte '/upscalers/dlss/DLSSFeature_Dx11.cpp')
      C:\Users\mathe\Desktop\projeto\funcional\OptiScaler-DLSSNR-PreSR-Multipass-main\OptiScaler\upscalers\IFeature_Dx11.h(47,27):
      consulte a declaração de 'IFeature_Dx11::ReadUpscalerTime'
  
C:\Users\mathe\Desktop\projeto\funcional\OptiScaler-DLSSNR-PreSR-Multipass-main\OptiScaler\upscalers\dlss\DLSSFeature_Dx11.h(6,7): warning C4250: 'DLSSFeatureDx11': herda 'IFeature_Dx11::IFeature_Dx11::ReadDetailedGpuTimes' via domínio [C:\Users\mathe\Desktop\projeto\funcional\OptiScaler-DLSSNR-PreSR-Multipass-main\OptiScaler\OptiScaler.vcxproj]
  (compilando o arquivo fonte '/upscalers/dlss/DLSSFeature_Dx11.cpp')
      C:\Users\mathe\Desktop\projeto\funcional\OptiScaler-DLSSNR-PreSR-Multipass-main\OptiScaler\upscalers\IFeature_Dx11.h(48,10):
      consulte a declaração de 'IFeature_Dx11::ReadDetailedGpuTimes'
  
  FFXFeature.cpp
  FFXFeature_Dx11On12.cpp
  FFXFeature_Dx12.cpp
C:\Users\mathe\Desktop\projeto\funcional\OptiScaler-DLSSNR-PreSR-Multipass-main\OptiScaler\upscalers\dlss\DLSSFeature_Dx12.h(7,7): warning C4250: 'DLSSFeatureDx12': herda 'IFeature_Dx12::IFeature_Dx12::ReadUpscalerTime' via domínio [C:\Users\mathe\Desktop\projeto\funcional\OptiScaler-DLSSNR-PreSR-Multipass-main\OptiScaler\OptiScaler.vcxproj]
  (compilando o arquivo fonte '/upscalers/dlss/DLSSFeature_Dx11On12.cpp')
      C:\Users\mathe\Desktop\projeto\funcional\OptiScaler-DLSSNR-PreSR-Multipass-main\OptiScaler\upscalers\IFeature_Dx12.h(51,27):
      consulte a declaração de 'IFeature_Dx12::ReadUpscalerTime'
  
C:\Users\mathe\Desktop\projeto\funcional\OptiScaler-DLSSNR-PreSR-Multipass-main\OptiScaler\upscalers\dlss\DLSSFeature_Dx12.h(7,7): warning C4250: 'DLSSFeatureDx12': herda 'IFeature_Dx12::IFeature_Dx12::ReadDetailedGpuTimes' via domínio [C:\Users\mathe\Desktop\projeto\funcional\OptiScaler-DLSSNR-PreSR-Multipass-main\OptiScaler\OptiScaler.vcxproj]
  (compilando o arquivo fonte '/upscalers/dlss/DLSSFeature_Dx11On12.cpp')
      C:\Users\mathe\Desktop\projeto\funcional\OptiScaler-DLSSNR-PreSR-Multipass-main\OptiScaler\upscalers\IFeature_Dx12.h(52,10):
      consulte a declaração de 'IFeature_Dx12::ReadDetailedGpuTimes'
  
  FFXFeature_Vk.cpp
C:\Users\mathe\Desktop\projeto\funcional\OptiScaler-DLSSNR-PreSR-Multipass-main\OptiScaler\upscalers\dlss\DLSSFeature_Dx12.h(7,7): warning C4250: 'DLSSFeatureDx12': herda 'IFeature_Dx12::IFeature_Dx12::ReadUpscalerTime' via domínio [C:\Users\mathe\Desktop\projeto\funcional\OptiScaler-DLSSNR-PreSR-Multipass-main\OptiScaler\OptiScaler.vcxproj]
  (compilando o arquivo fonte '/upscalers/dlss/DLSSFeature_Dx12.cpp')
      C:\Users\mathe\Desktop\projeto\funcional\OptiScaler-DLSSNR-PreSR-Multipass-main\OptiScaler\upscalers\IFeature_Dx12.h(51,27):
      consulte a declaração de 'IFeature_Dx12::ReadUpscalerTime'
  
C:\Users\mathe\Desktop\projeto\funcional\OptiScaler-DLSSNR-PreSR-Multipass-main\OptiScaler\upscalers\dlss\DLSSFeature_Dx12.h(7,7): warning C4250: 'DLSSFeatureDx12': herda 'IFeature_Dx12::IFeature_Dx12::ReadDetailedGpuTimes' via domínio [C:\Users\mathe\Desktop\projeto\funcional\OptiScaler-DLSSNR-PreSR-Multipass-main\OptiScaler\OptiScaler.vcxproj]
  (compilando o arquivo fonte '/upscalers/dlss/DLSSFeature_Dx12.cpp')
      C:\Users\mathe\Desktop\projeto\funcional\OptiScaler-DLSSNR-PreSR-Multipass-main\OptiScaler\upscalers\IFeature_Dx12.h(52,10):
      consulte a declaração de 'IFeature_Dx12::ReadDetailedGpuTimes'
  
  FFXFeature_VkOn12.cpp
  FSR2Feature.cpp
  FSR2Feature_Dx11.cpp
  FSR2Feature_Dx11On12.cpp
C:\Users\mathe\Desktop\projeto\funcional\OptiScaler-DLSSNR-PreSR-Multipass-main\OptiScaler\upscalers\ffx\FFXFeature_Dx12.h(8,7): warning C4250: 'FFXFeatureDx12': herda 'IFeature_Dx12::IFeature_Dx12::ReadUpscalerTime' via domínio [C:\Users\mathe\Desktop\projeto\funcional\OptiScaler-DLSSNR-PreSR-Multipass-main\OptiScaler\OptiScaler.vcxproj]
  (compilando o arquivo fonte '/upscalers/ffx/FFXFeature_Dx12.cpp')
      C:\Users\mathe\Desktop\projeto\funcional\OptiScaler-DLSSNR-PreSR-Multipass-main\OptiScaler\upscalers\IFeature_Dx12.h(51,27):
      consulte a declaração de 'IFeature_Dx12::ReadUpscalerTime'
  
C:\Users\mathe\Desktop\projeto\funcional\OptiScaler-DLSSNR-PreSR-Multipass-main\OptiScaler\upscalers\ffx\FFXFeature_Dx12.h(8,7): warning C4250: 'FFXFeatureDx12': herda 'IFeature_Dx12::IFeature_Dx12::ReadDetailedGpuTimes' via domínio [C:\Users\mathe\Desktop\projeto\funcional\OptiScaler-DLSSNR-PreSR-Multipass-main\OptiScaler\OptiScaler.vcxproj]
  (compilando o arquivo fonte '/upscalers/ffx/FFXFeature_Dx12.cpp')
      C:\Users\mathe\Desktop\projeto\funcional\OptiScaler-DLSSNR-PreSR-Multipass-main\OptiScaler\upscalers\IFeature_Dx12.h(52,10):
      consulte a declaração de 'IFeature_Dx12::ReadDetailedGpuTimes'
  
C:\Users\mathe\Desktop\projeto\funcional\OptiScaler-DLSSNR-PreSR-Multipass-main\OptiScaler\upscalers\ffx\FFXFeature_Dx12.h(8,7): warning C4250: 'FFXFeatureDx12': herda 'IFeature_Dx12::IFeature_Dx12::ReadUpscalerTime' via domínio [C:\Users\mathe\Desktop\projeto\funcional\OptiScaler-DLSSNR-PreSR-Multipass-main\OptiScaler\OptiScaler.vcxproj]
  (compilando o arquivo fonte '/upscalers/ffx/FFXFeature_Dx11On12.cpp')
      C:\Users\mathe\Desktop\projeto\funcional\OptiScaler-DLSSNR-PreSR-Multipass-main\OptiScaler\upscalers\IFeature_Dx12.h(51,27):
      consulte a declaração de 'IFeature_Dx12::ReadUpscalerTime'
  
C:\Users\mathe\Desktop\projeto\funcional\OptiScaler-DLSSNR-PreSR-Multipass-main\OptiScaler\upscalers\ffx\FFXFeature_Dx12.h(8,7): warning C4250: 'FFXFeatureDx12': herda 'IFeature_Dx12::IFeature_Dx12::ReadDetailedGpuTimes' via domínio [C:\Users\mathe\Desktop\projeto\funcional\OptiScaler-DLSSNR-PreSR-Multipass-main\OptiScaler\OptiScaler.vcxproj]
  (compilando o arquivo fonte '/upscalers/ffx/FFXFeature_Dx11On12.cpp')
      C:\Users\mathe\Desktop\projeto\funcional\OptiScaler-DLSSNR-PreSR-Multipass-main\OptiScaler\upscalers\IFeature_Dx12.h(52,10):
      consulte a declaração de 'IFeature_Dx12::ReadDetailedGpuTimes'
  
C:\Users\mathe\Desktop\projeto\funcional\OptiScaler-DLSSNR-PreSR-Multipass-main\OptiScaler\upscalers\dlss\DLSSFeature_Dx12.h(7,7): warning C4250: 'DLSSFeatureDx12': herda 'IFeature_Dx12::IFeature_Dx12::ReadUpscalerTime' via domínio [C:\Users\mathe\Desktop\projeto\funcional\OptiScaler-DLSSNR-PreSR-Multipass-main\OptiScaler\OptiScaler.vcxproj]
  (compilando o arquivo fonte '/upscalers/dlss/DLSSFeature_VkOn12.cpp')
      C:\Users\mathe\Desktop\projeto\funcional\OptiScaler-DLSSNR-PreSR-Multipass-main\OptiScaler\upscalers\IFeature_Dx12.h(51,27):
      consulte a declaração de 'IFeature_Dx12::ReadUpscalerTime'
  
C:\Users\mathe\Desktop\projeto\funcional\OptiScaler-DLSSNR-PreSR-Multipass-main\OptiScaler\upscalers\dlss\DLSSFeature_Dx12.h(7,7): warning C4250: 'DLSSFeatureDx12': herda 'IFeature_Dx12::IFeature_Dx12::ReadDetailedGpuTimes' via domínio [C:\Users\mathe\Desktop\projeto\funcional\OptiScaler-DLSSNR-PreSR-Multipass-main\OptiScaler\OptiScaler.vcxproj]
  (compilando o arquivo fonte '/upscalers/dlss/DLSSFeature_VkOn12.cpp')
      C:\Users\mathe\Desktop\projeto\funcional\OptiScaler-DLSSNR-PreSR-Multipass-main\OptiScaler\upscalers\IFeature_Dx12.h(52,10):
      consulte a declaração de 'IFeature_Dx12::ReadDetailedGpuTimes'
  
  FSR2Feature_Dx12.cpp
  FSR2Feature_Vk.cpp
  FSR2Feature_212.cpp
  FSR2Feature_Dx11On12_212.cpp
  FSR2Feature_Dx12_212.cpp
  FSR2Feature_VkOnDx12_212.cpp
C:\Users\mathe\Desktop\projeto\funcional\OptiScaler-DLSSNR-PreSR-Multipass-main\OptiScaler\upscalers\fsr2\FSR2Feature_Dx11.h(10,7): warning C4250: 'FSR2FeatureDx11': herda 'IFeature_Dx11::IFeature_Dx11::ReadUpscalerTime' via domínio [C:\Users\mathe\Desktop\projeto\funcional\OptiScaler-DLSSNR-PreSR-Multipass-main\OptiScaler\OptiScaler.vcxproj]
  (compilando o arquivo fonte '/upscalers/fsr2/FSR2Feature_Dx11.cpp')
      C:\Users\mathe\Desktop\projeto\funcional\OptiScaler-DLSSNR-PreSR-Multipass-main\OptiScaler\upscalers\IFeature_Dx11.h(47,27):
      consulte a declaração de 'IFeature_Dx11::ReadUpscalerTime'
  
C:\Users\mathe\Desktop\projeto\funcional\OptiScaler-DLSSNR-PreSR-Multipass-main\OptiScaler\upscalers\fsr2\FSR2Feature_Dx11.h(10,7): warning C4250: 'FSR2FeatureDx11': herda 'IFeature_Dx11::IFeature_Dx11::ReadDetailedGpuTimes' via domínio [C:\Users\mathe\Desktop\projeto\funcional\OptiScaler-DLSSNR-PreSR-Multipass-main\OptiScaler\OptiScaler.vcxproj]
  (compilando o arquivo fonte '/upscalers/fsr2/FSR2Feature_Dx11.cpp')
      C:\Users\mathe\Desktop\projeto\funcional\OptiScaler-DLSSNR-PreSR-Multipass-main\OptiScaler\upscalers\IFeature_Dx11.h(48,10):
      consulte a declaração de 'IFeature_Dx11::ReadDetailedGpuTimes'
  
C:\Users\mathe\Desktop\projeto\funcional\OptiScaler-DLSSNR-PreSR-Multipass-main\OptiScaler\upscalers\fsr2\FSR2Feature_Dx12.h(8,7): warning C4250: 'FSR2FeatureDx12': herda 'IFeature_Dx12::IFeature_Dx12::ReadUpscalerTime' via domínio [C:\Users\mathe\Desktop\projeto\funcional\OptiScaler-DLSSNR-PreSR-Multipass-main\OptiScaler\OptiScaler.vcxproj]
  (compilando o arquivo fonte '/upscalers/fsr2/FSR2Feature_Dx11On12.cpp')
      C:\Users\mathe\Desktop\projeto\funcional\OptiScaler-DLSSNR-PreSR-Multipass-main\OptiScaler\upscalers\IFeature_Dx12.h(51,27):
      consulte a declaração de 'IFeature_Dx12::ReadUpscalerTime'
  
C:\Users\mathe\Desktop\projeto\funcional\OptiScaler-DLSSNR-PreSR-Multipass-main\OptiScaler\upscalers\fsr2\FSR2Feature_Dx12.h(8,7): warning C4250: 'FSR2FeatureDx12': herda 'IFeature_Dx12::IFeature_Dx12::ReadDetailedGpuTimes' via domínio [C:\Users\mathe\Desktop\projeto\funcional\OptiScaler-DLSSNR-PreSR-Multipass-main\OptiScaler\OptiScaler.vcxproj]
  (compilando o arquivo fonte '/upscalers/fsr2/FSR2Feature_Dx11On12.cpp')
      C:\Users\mathe\Desktop\projeto\funcional\OptiScaler-DLSSNR-PreSR-Multipass-main\OptiScaler\upscalers\IFeature_Dx12.h(52,10):
      consulte a declaração de 'IFeature_Dx12::ReadDetailedGpuTimes'
  
  FSR2Feature_Vk_212.cpp
  FSR31Feature.cpp
C:\Users\mathe\Desktop\projeto\funcional\OptiScaler-DLSSNR-PreSR-Multipass-main\OptiScaler\upscalers\fsr2\FSR2Feature_Dx12.h(8,7): warning C4250: 'FSR2FeatureDx12': herda 'IFeature_Dx12::IFeature_Dx12::ReadUpscalerTime' via domínio [C:\Users\mathe\Desktop\projeto\funcional\OptiScaler-DLSSNR-PreSR-Multipass-main\OptiScaler\OptiScaler.vcxproj]
  (compilando o arquivo fonte '/upscalers/fsr2/FSR2Feature_Dx12.cpp')
      C:\Users\mathe\Desktop\projeto\funcional\OptiScaler-DLSSNR-PreSR-Multipass-main\OptiScaler\upscalers\IFeature_Dx12.h(51,27):
      consulte a declaração de 'IFeature_Dx12::ReadUpscalerTime'
  
C:\Users\mathe\Desktop\projeto\funcional\OptiScaler-DLSSNR-PreSR-Multipass-main\OptiScaler\upscalers\fsr2\FSR2Feature_Dx12.h(8,7): warning C4250: 'FSR2FeatureDx12': herda 'IFeature_Dx12::IFeature_Dx12::ReadDetailedGpuTimes' via domínio [C:\Users\mathe\Desktop\projeto\funcional\OptiScaler-DLSSNR-PreSR-Multipass-main\OptiScaler\OptiScaler.vcxproj]
  (compilando o arquivo fonte '/upscalers/fsr2/FSR2Feature_Dx12.cpp')
      C:\Users\mathe\Desktop\projeto\funcional\OptiScaler-DLSSNR-PreSR-Multipass-main\OptiScaler\upscalers\IFeature_Dx12.h(52,10):
      consulte a declaração de 'IFeature_Dx12::ReadDetailedGpuTimes'
  
  FSR31Feature_Dx11.cpp
C:\Users\mathe\Desktop\projeto\funcional\OptiScaler-DLSSNR-PreSR-Multipass-main\OptiScaler\upscalers\dlssd\DLSSDFeature_Dx12.h(7,7): warning C4250: 'DLSSDFeatureDx12': herda 'IFeature_Dx12::IFeature_Dx12::ReadUpscalerTime' via domínio [C:\Users\mathe\Desktop\projeto\funcional\OptiScaler-DLSSNR-PreSR-Multipass-main\OptiScaler\OptiScaler.vcxproj]
  (compilando o arquivo fonte '/upscalers/dlssd/DLSSDFeature_Dx12.cpp')
      C:\Users\mathe\Desktop\projeto\funcional\OptiScaler-DLSSNR-PreSR-Multipass-main\OptiScaler\upscalers\IFeature_Dx12.h(51,27):
      consulte a declaração de 'IFeature_Dx12::ReadUpscalerTime'
  
C:\Users\mathe\Desktop\projeto\funcional\OptiScaler-DLSSNR-PreSR-Multipass-main\OptiScaler\upscalers\dlssd\DLSSDFeature_Dx12.h(7,7): warning C4250: 'DLSSDFeatureDx12': herda 'IFeature_Dx12::IFeature_Dx12::ReadDetailedGpuTimes' via domínio [C:\Users\mathe\Desktop\projeto\funcional\OptiScaler-DLSSNR-PreSR-Multipass-main\OptiScaler\OptiScaler.vcxproj]
  (compilando o arquivo fonte '/upscalers/dlssd/DLSSDFeature_Dx12.cpp')
      C:\Users\mathe\Desktop\projeto\funcional\OptiScaler-DLSSNR-PreSR-Multipass-main\OptiScaler\upscalers\IFeature_Dx12.h(52,10):
      consulte a declaração de 'IFeature_Dx12::ReadDetailedGpuTimes'
  
C:\Users\mathe\Desktop\projeto\funcional\OptiScaler-DLSSNR-PreSR-Multipass-main\OptiScaler\upscalers\dlssd\DLSSDFeature_Dx11.h(6,7): warning C4250: 'DLSSDFeatureDx11': herda 'IFeature_Dx11::IFeature_Dx11::ReadUpscalerTime' via domínio [C:\Users\mathe\Desktop\projeto\funcional\OptiScaler-DLSSNR-PreSR-Multipass-main\OptiScaler\OptiScaler.vcxproj]
  (compilando o arquivo fonte '/upscalers/dlssd/DLSSDFeature_Dx11.cpp')
      C:\Users\mathe\Desktop\projeto\funcional\OptiScaler-DLSSNR-PreSR-Multipass-main\OptiScaler\upscalers\IFeature_Dx11.h(47,27):
      consulte a declaração de 'IFeature_Dx11::ReadUpscalerTime'
  
C:\Users\mathe\Desktop\projeto\funcional\OptiScaler-DLSSNR-PreSR-Multipass-main\OptiScaler\upscalers\dlssd\DLSSDFeature_Dx11.h(6,7): warning C4250: 'DLSSDFeatureDx11': herda 'IFeature_Dx11::IFeature_Dx11::ReadDetailedGpuTimes' via domínio [C:\Users\mathe\Desktop\projeto\funcional\OptiScaler-DLSSNR-PreSR-Multipass-main\OptiScaler\OptiScaler.vcxproj]
  (compilando o arquivo fonte '/upscalers/dlssd/DLSSDFeature_Dx11.cpp')
      C:\Users\mathe\Desktop\projeto\funcional\OptiScaler-DLSSNR-PreSR-Multipass-main\OptiScaler\upscalers\IFeature_Dx11.h(48,10):
      consulte a declaração de 'IFeature_Dx11::ReadDetailedGpuTimes'
  
  XeSSFeature.cpp
  XeSSFeature_Dx11.cpp
  XeSSFeature_Dx11on12.cpp
C:\Users\mathe\Desktop\projeto\funcional\OptiScaler-DLSSNR-PreSR-Multipass-main\OptiScaler\upscalers\fsr2_212\FSR2Feature_Dx12_212.h(8,7): warning C4250: 'FSR2FeatureDx12_212': herda 'IFeature_Dx12::IFeature_Dx12::ReadUpscalerTime' via domínio [C:\Users\mathe\Desktop\projeto\funcional\OptiScaler-DLSSNR-PreSR-Multipass-main\OptiScaler\OptiScaler.vcxproj]
  (compilando o arquivo fonte '/upscalers/fsr2_212/FSR2Feature_Dx12_212.cpp')
      C:\Users\mathe\Desktop\projeto\funcional\OptiScaler-DLSSNR-PreSR-Multipass-main\OptiScaler\upscalers\IFeature_Dx12.h(51,27):
      consulte a declaração de 'IFeature_Dx12::ReadUpscalerTime'
  
C:\Users\mathe\Desktop\projeto\funcional\OptiScaler-DLSSNR-PreSR-Multipass-main\OptiScaler\upscalers\fsr2_212\FSR2Feature_Dx12_212.h(8,7): warning C4250: 'FSR2FeatureDx12_212': herda 'IFeature_Dx12::IFeature_Dx12::ReadDetailedGpuTimes' via domínio [C:\Users\mathe\Desktop\projeto\funcional\OptiScaler-DLSSNR-PreSR-Multipass-main\OptiScaler\OptiScaler.vcxproj]
  (compilando o arquivo fonte '/upscalers/fsr2_212/FSR2Feature_Dx12_212.cpp')
      C:\Users\mathe\Desktop\projeto\funcional\OptiScaler-DLSSNR-PreSR-Multipass-main\OptiScaler\upscalers\IFeature_Dx12.h(52,10):
      consulte a declaração de 'IFeature_Dx12::ReadDetailedGpuTimes'
  
C:\Users\mathe\Desktop\projeto\funcional\OptiScaler-DLSSNR-PreSR-Multipass-main\OptiScaler\upscalers\fsr2_212\FSR2Feature_Dx12_212.h(8,7): warning C4250: 'FSR2FeatureDx12_212': herda 'IFeature_Dx12::IFeature_Dx12::ReadUpscalerTime' via domínio [C:\Users\mathe\Desktop\projeto\funcional\OptiScaler-DLSSNR-PreSR-Multipass-main\OptiScaler\OptiScaler.vcxproj]
  (compilando o arquivo fonte '/upscalers/fsr2_212/FSR2Feature_Dx11On12_212.cpp')
      C:\Users\mathe\Desktop\projeto\funcional\OptiScaler-DLSSNR-PreSR-Multipass-main\OptiScaler\upscalers\IFeature_Dx12.h(51,27):
      consulte a declaração de 'IFeature_Dx12::ReadUpscalerTime'
  
C:\Users\mathe\Desktop\projeto\funcional\OptiScaler-DLSSNR-PreSR-Multipass-main\OptiScaler\upscalers\fsr2_212\FSR2Feature_Dx12_212.h(8,7): warning C4250: 'FSR2FeatureDx12_212': herda 'IFeature_Dx12::IFeature_Dx12::ReadDetailedGpuTimes' via domínio [C:\Users\mathe\Desktop\projeto\funcional\OptiScaler-DLSSNR-PreSR-Multipass-main\OptiScaler\OptiScaler.vcxproj]
  (compilando o arquivo fonte '/upscalers/fsr2_212/FSR2Feature_Dx11On12_212.cpp')
      C:\Users\mathe\Desktop\projeto\funcional\OptiScaler-DLSSNR-PreSR-Multipass-main\OptiScaler\upscalers\IFeature_Dx12.h(52,10):
      consulte a declaração de 'IFeature_Dx12::ReadDetailedGpuTimes'
  
  XeSSFeature_Dx12.cpp
  XeSSFeature_Vk.cpp
  version_check.cpp
  dx11_with_dx12.cpp
  dx11_with_dx12_sc.cpp
C:\Users\mathe\Desktop\projeto\funcional\OptiScaler-DLSSNR-PreSR-Multipass-main\OptiScaler\upscalers\fsr31\FSR31Feature_Dx11.h(10,7): warning C4250: 'FSR31FeatureDx11': herda 'IFeature_Dx11::IFeature_Dx11::ReadUpscalerTime' via domínio [C:\Users\mathe\Desktop\projeto\funcional\OptiScaler-DLSSNR-PreSR-Multipass-main\OptiScaler\OptiScaler.vcxproj]
  (compilando o arquivo fonte '/upscalers/fsr31/FSR31Feature_Dx11.cpp')
      C:\Users\mathe\Desktop\projeto\funcional\OptiScaler-DLSSNR-PreSR-Multipass-main\OptiScaler\upscalers\IFeature_Dx11.h(47,27):
      consulte a declaração de 'IFeature_Dx11::ReadUpscalerTime'
  
C:\Users\mathe\Desktop\projeto\funcional\OptiScaler-DLSSNR-PreSR-Multipass-main\OptiScaler\upscalers\fsr31\FSR31Feature_Dx11.h(10,7): warning C4250: 'FSR31FeatureDx11': herda 'IFeature_Dx11::IFeature_Dx11::ReadDetailedGpuTimes' via domínio [C:\Users\mathe\Desktop\projeto\funcional\OptiScaler-DLSSNR-PreSR-Multipass-main\OptiScaler\OptiScaler.vcxproj]
  (compilando o arquivo fonte '/upscalers/fsr31/FSR31Feature_Dx11.cpp')
      C:\Users\mathe\Desktop\projeto\funcional\OptiScaler-DLSSNR-PreSR-Multipass-main\OptiScaler\upscalers\IFeature_Dx11.h(48,10):
      consulte a declaração de 'IFeature_Dx11::ReadDetailedGpuTimes'
  
  with_dx12.cpp
  wrapped_factory.cpp
C:\Users\mathe\Desktop\projeto\funcional\OptiScaler-DLSSNR-PreSR-Multipass-main\OptiScaler\upscalers\xess\XeSSFeature_Dx12.h(6,7): warning C4250: 'XeSSFeatureDx12': herda 'IFeature_Dx12::IFeature_Dx12::ReadUpscalerTime' via domínio [C:\Users\mathe\Desktop\projeto\funcional\OptiScaler-DLSSNR-PreSR-Multipass-main\OptiScaler\OptiScaler.vcxproj]
  (compilando o arquivo fonte '/upscalers/xess/XeSSFeature_Dx12.cpp')
      C:\Users\mathe\Desktop\projeto\funcional\OptiScaler-DLSSNR-PreSR-Multipass-main\OptiScaler\upscalers\IFeature_Dx12.h(51,27):
      consulte a declaração de 'IFeature_Dx12::ReadUpscalerTime'
  
C:\Users\mathe\Desktop\projeto\funcional\OptiScaler-DLSSNR-PreSR-Multipass-main\OptiScaler\upscalers\xess\XeSSFeature_Dx12.h(6,7): warning C4250: 'XeSSFeatureDx12': herda 'IFeature_Dx12::IFeature_Dx12::ReadDetailedGpuTimes' via domínio [C:\Users\mathe\Desktop\projeto\funcional\OptiScaler-DLSSNR-PreSR-Multipass-main\OptiScaler\OptiScaler.vcxproj]
  (compilando o arquivo fonte '/upscalers/xess/XeSSFeature_Dx12.cpp')
      C:\Users\mathe\Desktop\projeto\funcional\OptiScaler-DLSSNR-PreSR-Multipass-main\OptiScaler\upscalers\IFeature_Dx12.h(52,10):
      consulte a declaração de 'IFeature_Dx12::ReadDetailedGpuTimes'
  
  wrapped_swapchain.cpp
C:\Users\mathe\Desktop\projeto\funcional\OptiScaler-DLSSNR-PreSR-Multipass-main\OptiScaler\upscalers\xess\XeSSFeature_Dx12.h(6,7): warning C4250: 'XeSSFeatureDx12': herda 'IFeature_Dx12::IFeature_Dx12::ReadUpscalerTime' via domínio [C:\Users\mathe\Desktop\projeto\funcional\OptiScaler-DLSSNR-PreSR-Multipass-main\OptiScaler\OptiScaler.vcxproj]
  (compilando o arquivo fonte '/upscalers/xess/XeSSFeature_Dx11on12.cpp')
      C:\Users\mathe\Desktop\projeto\funcional\OptiScaler-DLSSNR-PreSR-Multipass-main\OptiScaler\upscalers\IFeature_Dx12.h(51,27):
      consulte a declaração de 'IFeature_Dx12::ReadUpscalerTime'
  
C:\Users\mathe\Desktop\projeto\funcional\OptiScaler-DLSSNR-PreSR-Multipass-main\OptiScaler\upscalers\xess\XeSSFeature_Dx12.h(6,7): warning C4250: 'XeSSFeatureDx12': herda 'IFeature_Dx12::IFeature_Dx12::ReadDetailedGpuTimes' via domínio [C:\Users\mathe\Desktop\projeto\funcional\OptiScaler-DLSSNR-PreSR-Multipass-main\OptiScaler\OptiScaler.vcxproj]
  (compilando o arquivo fonte '/upscalers/xess/XeSSFeature_Dx11on12.cpp')
      C:\Users\mathe\Desktop\projeto\funcional\OptiScaler-DLSSNR-PreSR-Multipass-main\OptiScaler\upscalers\IFeature_Dx12.h(52,10):
      consulte a declaração de 'IFeature_Dx12::ReadDetailedGpuTimes'
  
C:\Users\mathe\Desktop\projeto\funcional\OptiScaler-DLSSNR-PreSR-Multipass-main\OptiScaler\upscalers\ffx\FFXFeature_Dx12.h(8,7): warning C4250: 'FFXFeatureDx12': herda 'IFeature_Dx12::IFeature_Dx12::ReadUpscalerTime' via domínio [C:\Users\mathe\Desktop\projeto\funcional\OptiScaler-DLSSNR-PreSR-Multipass-main\OptiScaler\OptiScaler.vcxproj]
  (compilando o arquivo fonte '/upscalers/ffx/FFXFeature_VkOn12.cpp')
      C:\Users\mathe\Desktop\projeto\funcional\OptiScaler-DLSSNR-PreSR-Multipass-main\OptiScaler\upscalers\IFeature_Dx12.h(51,27):
      consulte a declaração de 'IFeature_Dx12::ReadUpscalerTime'
  
C:\Users\mathe\Desktop\projeto\funcional\OptiScaler-DLSSNR-PreSR-Multipass-main\OptiScaler\upscalers\ffx\FFXFeature_Dx12.h(8,7): warning C4250: 'FFXFeatureDx12': herda 'IFeature_Dx12::IFeature_Dx12::ReadDetailedGpuTimes' via domínio [C:\Users\mathe\Desktop\projeto\funcional\OptiScaler-DLSSNR-PreSR-Multipass-main\OptiScaler\OptiScaler.vcxproj]
  (compilando o arquivo fonte '/upscalers/ffx/FFXFeature_VkOn12.cpp')
      C:\Users\mathe\Desktop\projeto\funcional\OptiScaler-DLSSNR-PreSR-Multipass-main\OptiScaler\upscalers\IFeature_Dx12.h(52,10):
      consulte a declaração de 'IFeature_Dx12::ReadDetailedGpuTimes'
  
C:\Users\mathe\Desktop\projeto\funcional\OptiScaler-DLSSNR-PreSR-Multipass-main\OptiScaler\upscalers\fsr2_212\FSR2Feature_Dx12_212.h(8,7): warning C4250: 'FSR2FeatureDx12_212': herda 'IFeature_Dx12::IFeature_Dx12::ReadUpscalerTime' via domínio [C:\Users\mathe\Desktop\projeto\funcional\OptiScaler-DLSSNR-PreSR-Multipass-main\OptiScaler\OptiScaler.vcxproj]
  (compilando o arquivo fonte '/upscalers/fsr2_212/FSR2Feature_VkOnDx12_212.cpp')
      C:\Users\mathe\Desktop\projeto\funcional\OptiScaler-DLSSNR-PreSR-Multipass-main\OptiScaler\upscalers\IFeature_Dx12.h(51,27):
      consulte a declaração de 'IFeature_Dx12::ReadUpscalerTime'
  
C:\Users\mathe\Desktop\projeto\funcional\OptiScaler-DLSSNR-PreSR-Multipass-main\OptiScaler\upscalers\fsr2_212\FSR2Feature_Dx12_212.h(8,7): warning C4250: 'FSR2FeatureDx12_212': herda 'IFeature_Dx12::IFeature_Dx12::ReadDetailedGpuTimes' via domínio [C:\Users\mathe\Desktop\projeto\funcional\OptiScaler-DLSSNR-PreSR-Multipass-main\OptiScaler\OptiScaler.vcxproj]
  (compilando o arquivo fonte '/upscalers/fsr2_212/FSR2Feature_VkOnDx12_212.cpp')
      C:\Users\mathe\Desktop\projeto\funcional\OptiScaler-DLSSNR-PreSR-Multipass-main\OptiScaler\upscalers\IFeature_Dx12.h(52,10):
      consulte a declaração de 'IFeature_Dx12::ReadDetailedGpuTimes'
  
LINK : warning C4744: 'static struct std::atomic<class std::shared_ptr<class LowLatencyTech> > InputCommon::currently_active_tech' possui tipo diferente em 'c:\users\mathe\desktop\projeto\funcional\optiscaler-dlssnr-presr-multipass-main\optiscaler\nvapi\fakenvapi\low_latency_d3d.cpp' e em 'c:\users\mathe\desktop\projeto\funcional\optiscaler-dlssnr-presr-multipass-main\optiscaler\hooks\amdxc64_hooks.cpp': '__declspec(align(16)) struct (16 bytes)' e 'struct (16 bytes)' [C:\Users\mathe\Desktop\projeto\funcional\OptiScaler-DLSSNR-PreSR-Multipass-main\OptiScaler\OptiScaler.vcxproj]
     Criando biblioteca C:\Users\mathe\Desktop\projeto\funcional\OptiScaler-DLSSNR-PreSR-Multipass-main\x64\Release\OptiScaler.lib e objeto C:\Users\mathe\Desktop\projeto\funcional\OptiScaler-DLSSNR-PreSR-Multipass-main\x64\Release\OptiScaler.exp
LINK : warning LNK4098: defaultlib 'LIBCMT' conflita com uso de outras bibliotecas; use /NODEFAULTLIB:library [C:\Users\mathe\Desktop\projeto\funcional\OptiScaler-DLSSNR-PreSR-Multipass-main\OptiScaler\OptiScaler.vcxproj]
  Gerando código
  3467 of 38078 functions ( 9.1%) were compiled, the rest were copied from previous compilation.
    27 functions were new in current compilation
    1232 functions had inline decision re-evaluated but remain unchanged
  Finalizada a geraçao de código
  OptiScaler.vcxproj -> C:\Users\mathe\Desktop\projeto\funcional\OptiScaler-DLSSNR-PreSR-Multipass-main\x64\Release\OptiScaler.dll
